
> incimmet-ssoma-platform@0.4.0 format
> prettier --write .

[90m.github/workflows/verify.yml[39m 23ms (unchanged)
[90m.prettierrc.json[39m 15ms (unchanged)
[90mapp/(marketing)/page.tsx[39m 36ms (unchanged)
[90mapp/(marketing)/presentacion.css[39m 144ms (unchanged)
[90mapp/acciones/page.tsx[39m 5ms (unchanged)
[90mapp/analisis/page.tsx[39m 4ms (unchanged)
[90mapp/campo/page.tsx[39m 2ms (unchanged)
[90mapp/configuracion/catalogos/page.tsx[39m 2ms (unchanged)
[90mapp/dashboard/page.tsx[39m 2ms (unchanged)
[90mapp/error.tsx[39m 7ms (unchanged)
[90mapp/eventos/[id]/page.tsx[39m 14ms (unchanged)
[90mapp/eventos/local/[id]/page.tsx[39m 4ms (unchanged)
[90mapp/eventos/page.tsx[39m 2ms (unchanged)
[90mapp/globals.css[39m 16ms (unchanged)
[90mapp/layout.tsx[39m 4ms (unchanged)
[90mapp/lecciones/page.tsx[39m 2ms (unchanged)
[90mapp/not-found.tsx[39m 2ms (unchanged)
[90mapp/privacidad/page.tsx[39m 8ms (unchanged)
[90mcomponents.json[39m 2ms (unchanged)
[90mcomponents/actions/evidence-dialog.tsx[39m 71ms (unchanged)
[90mcomponents/analytics/indicadores-panel.tsx[39m 39ms (unchanged)
[90mcomponents/analytics/kpis.tsx[39m 6ms (unchanged)
[90mcomponents/analytics/reproduccion-controls.tsx[39m 11ms (unchanged)
[90mcomponents/brand/wordmark.tsx[39m 2ms (unchanged)
[90mcomponents/charts/chart-card.tsx[39m 27ms (unchanged)
[90mcomponents/charts/echart-view.tsx[39m 7ms (unchanged)
[90mcomponents/charts/README.md[39m 17ms (unchanged)
[90mcomponents/events/source-chips.tsx[39m 6ms (unchanged)
[90mcomponents/marketing/animated-number.tsx[39m 6ms (unchanged)
[90mcomponents/marketing/browser-state.ts[39m 3ms (unchanged)
[90mcomponents/marketing/cinematic-experience.tsx[39m 27ms (unchanged)
[90mcomponents/marketing/context-link.tsx[39m 4ms (unchanged)
[90mcomponents/marketing/fallback-gallery.tsx[39m 15ms (unchanged)
[90mcomponents/marketing/motion-context.tsx[39m 1ms (unchanged)
[90mcomponents/marketing/story.tsx[39m 25ms (unchanged)
[90mcomponents/providers.tsx[39m 8ms (unchanged)
[90mcomponents/screens/acciones.tsx[39m 20ms (unchanged)
[90mcomponents/screens/analisis.tsx[39m 16ms (unchanged)
[90mcomponents/screens/campo.tsx[39m 4ms (unchanged)
[90mcomponents/screens/catalogos.tsx[39m 3ms (unchanged)
[90mcomponents/screens/dashboard.tsx[39m 6ms (unchanged)
[90mcomponents/screens/evento-detalle.tsx[39m 15ms (unchanged)
[90mcomponents/screens/eventos.tsx[39m 16ms (unchanged)
[90mcomponents/screens/lecciones.tsx[39m 23ms (unchanged)
[90mcomponents/screens/shared.tsx[39m 6ms (unchanged)
[90mcomponents/shell/app-shell.tsx[39m 15ms (unchanged)
[90mcomponents/shell/filtro-chips.tsx[39m 7ms (unchanged)
[90mcomponents/shell/filtros-panel.tsx[39m 24ms (unchanged)
[90mcomponents/shell/filtros-url-sync.tsx[39m 5ms (unchanged)
[90mcomponents/three/atmosphere.tsx[39m 13ms (unchanged)
[90mcomponents/three/camera-rig.tsx[39m 7ms (unchanged)
[90mcomponents/three/data-moments.tsx[39m 35ms (unchanged)
[90mcomponents/three/geometry.ts[39m 6ms (unchanged)
[90mcomponents/three/high-bloom.tsx[39m 3ms (unchanged)
[90mcomponents/three/instanced-support.tsx[39m 9ms (unchanged)
[90mcomponents/three/mine-canvas.tsx[39m 23ms (unchanged)
[90mcomponents/three/README.md[39m 10ms (unchanged)
[90mcomponents/three/tunnel-geometry.tsx[39m 9ms (unchanged)
[90mcomponents/ui/button.tsx[39m 4ms (unchanged)
[90mcomponents/ui/card.tsx[39m 2ms (unchanged)
[90mcomponents/ui/input.tsx[39m 2ms (unchanged)
[90mcomponents/ui/label.tsx[39m 2ms (unchanged)
[90mcomponents/ui/tabs.tsx[39m 4ms (unchanged)
[90mdocs/ARQUITECTURA_PASO2.md[39m 33ms (unchanged)
[90mdocs/CAMBIOS_PASO3.md[39m 15ms (unchanged)
[90mdocs/CAMBIOS_PASO4.md[39m 18ms (unchanged)
[90mdocs/CODIGO_PASO3.md[39m 427ms (unchanged)
[90mdocs/CODIGO_PASO4.md[39m 413ms (unchanged)
[90mdocs/data-integrity.json[39m 1ms (unchanged)
[90mdocs/DEPENDENCIAS_PASO3.md[39m 15ms (unchanged)
[90mdocs/DEPENDENCIAS.md[39m 7ms (unchanged)
[90mdocs/FIXES_PASO3_RESPUESTA.md[39m 19ms (unchanged)
[90mdocs/MANIFIESTO_PASO3.json[39m 6ms (unchanged)
docs/MANIFIESTO_PASO4.json 3ms
[90mdocs/PRESENTACION_PASO3.md[39m 16ms (unchanged)
[90mdocs/VERIFICACION_PASO3.md[39m 9ms (unchanged)
[90mdocs/VERIFICACION_PASO4.md[39m 9ms (unchanged)
[90mdocs/VERIFICACION.md[39m 8ms (unchanged)
[90meslint.config.mjs[39m 3ms (unchanged)
[90mlib/analytics/echarts-options.ts[39m 19ms (unchanged)
[90mlib/analytics/modelos.ts[39m 13ms (unchanged)
[90mlib/client/descargas.ts[39m 5ms (unchanged)
[90mlib/client/ficha-difusion.ts[39m 5ms (unchanged)
[90mlib/config/demo.ts[39m 1ms (unchanged)
[90mlib/config/navegacion.ts[39m 2ms (unchanged)
[90mlib/data/DataSource.ts[39m 3ms (unchanged)
[90mlib/data/documental.server.ts[39m 1ms (unchanged)
[90mlib/data/index.ts[39m 1ms (unchanged)
[90mlib/data/indexedDB.ts[39m 4ms (unchanged)
[90mlib/data/normalizar.ts[39m 7ms (unchanged)
[90mlib/data/presentacion.server.ts[39m 1ms (unchanged)
[90mlib/data/StaticJsonDataSource.ts[39m 35ms (unchanged)
[90mlib/data/SupabaseDataSource.ts[39m 4ms (unchanged)
[90mlib/data/validarDocumento.ts[39m 15ms (unchanged)
[90mlib/domain/agregaciones.ts[39m 24ms (unchanged)
[90mlib/domain/analitica.ts[39m 29ms (unchanged)
[90mlib/domain/cinematica.ts[39m 12ms (unchanged)
[90mlib/domain/estadoVerificado.ts[39m 6ms (unchanged)
[90mlib/domain/exportacion.ts[39m 3ms (unchanged)
[90mlib/domain/fechas.ts[39m 5ms (unchanged)
[90mlib/domain/filtros.ts[39m 9ms (unchanged)
[90mlib/domain/filtrosURL.ts[39m 9ms (unchanged)
[90mlib/domain/indicadores.ts[39m 4ms (unchanged)
[90mlib/domain/lecciones.ts[39m 3ms (unchanged)
[90mlib/domain/links.ts[39m 1ms (unchanged)
[90mlib/domain/momentos3d.ts[39m 5ms (unchanged)
[90mlib/domain/presentacion.ts[39m 8ms (unchanged)
[90mlib/domain/reportes.ts[39m 8ms (unchanged)
[90mlib/domain/reproduccion.ts[39m 8ms (unchanged)
[90mlib/domain/serializar.ts[39m 3ms (unchanged)
[90mlib/domain/textoCanvas.ts[39m 3ms (unchanged)
[90mlib/hooks/use-base.ts[39m 5ms (unchanged)
[90mlib/types.ts[39m 24ms (unchanged)
[90mlib/utils.ts[39m 2ms (unchanged)
[90mmessages/es-PE.ts[39m 1ms (unchanged)
[90mnext.config.ts[39m 1ms (unchanged)
[90mpackage.json[39m 2ms (unchanged)
[90mplaywright.config.ts[39m 2ms (unchanged)
[90mpostcss.config.mjs[39m 1ms (unchanged)
[90mREADME.md[39m 23ms (unchanged)
[90mscripts/analytics-smoke.cjs[39m 22ms (unchanged)
[90mscripts/cinematica-smoke.cjs[39m 10ms (unchanged)
[90mscripts/domain-smoke.cjs[39m 22ms (unchanged)
[90mscripts/syntax-check.cjs[39m 3ms (unchanged)
[90mscripts/verify-data.mjs[39m 4ms (unchanged)
[90mscripts/verify-dependencies.mjs[39m 4ms (unchanged)
[90mstore/filtros.ts[39m 3ms (unchanged)
[90mstore/sesion.ts[39m 3ms (unchanged)
[90mtailwind.config.ts[39m 2ms (unchanged)
[90mtests/agregaciones.test.ts[39m 6ms (unchanged)
[90mtests/analitica-paso4.test.ts[39m 12ms (unchanged)
[90mtests/asignacion-paso4.test.ts[39m 8ms (unchanged)
[90mtests/cinematica.test.ts[39m 7ms (unchanged)
[90mtests/dataSource.test.ts[39m 11ms (unchanged)
[90mtests/datos.test.ts[39m 4ms (unchanged)
[90mtests/e2e/intro.spec.ts[39m 11ms (unchanged)
[90mtests/e2e/paso4.spec.ts[39m 9ms (unchanged)
[90mtests/estadoVerificado.test.ts[39m 6ms (unchanged)
[90mtests/exportacion-paso4.test.ts[39m 3ms (unchanged)
[90mtests/fechas-url.test.ts[39m 3ms (unchanged)
[90mtests/filtros.test.ts[39m 5ms (unchanged)
[90mtests/fixtures.ts[39m 3ms (unchanged)
[90mtests/indicadores.test.ts[39m 4ms (unchanged)
[90mtests/momentos3d-paso4.test.ts[39m 5ms (unchanged)
[90mtests/presentacion.test.ts[39m 7ms (unchanged)
[90mtests/reportes.test.ts[39m 3ms (unchanged)
[90mtests/reproduccion-paso4.test.ts[39m 4ms (unchanged)
[90mtests/serializar.test.ts[39m 3ms (unchanged)
[90mtests/setup.ts[39m 0ms (unchanged)
[90mtests/store.test.ts[39m 2ms (unchanged)
[90mTHIRD_PARTY_NOTICES.md[39m 2ms (unchanged)
[90mtsconfig.domain.json[39m 1ms (unchanged)
[90mtsconfig.e2e.json[39m 1ms (unchanged)
[90mtsconfig.json[39m 1ms (unchanged)
[90mvitest.config.ts[39m 1ms (unchanged)
